[INFO] Scanning for projects...
[INFO] 
[INFO] ------------------------< com.example:workflow >------------------------
[INFO] Building workflow 0.0.1-SNAPSHOT
[INFO]   from pom.xml
[INFO] --------------------------------[ jar ]---------------------------------
[INFO] 
[INFO] --- clean:3.3.2:clean (default-clean) @ workflow ---
[INFO] Deleting D:\FINAL PROJECT\backend\target
[INFO] 
[INFO] --- resources:3.3.1:resources (default-resources) @ workflow ---
[INFO] Copying 1 resource from src\main\resources to target\classes
[INFO] Copying 0 resource from src\main\resources to target\classes
[INFO] 
[INFO] --- compiler:3.11.0:compile (default-compile) @ workflow ---
[INFO] Changes detected - recompiling the module! :source
[INFO] Compiling 59 source files with javac [debug release 17] to target\classes
[INFO] Annotation processing is enabled because one or more processors were found
  on the class path. A future release of javac may disable annotation processing
  unless at least one processor is specified by name (-processor), or a search
  path is specified (--processor-path, --processor-module-path), or annotation
  processing is enabled explicitly (-proc:only, -proc:full).
  Use -Xlint:-options to suppress this message.
  Use -proc:none to disable annotation processing.
[INFO] ------------------------------------------------------------------------
[INFO] BUILD SUCCESS
[INFO] ------------------------------------------------------------------------
[INFO] Total time:  6.716 s
[INFO] Finished at: 2026-03-18T02:32:42+05:30
[INFO] ------------------------------------------------------------------------
