[INFO] Scanning for projects...
[INFO] 
[INFO] ------------------------< com.example:workflow >------------------------
[INFO] Building workflow 0.0.1-SNAPSHOT
[INFO]   from pom.xml
[INFO] --------------------------------[ jar ]---------------------------------
[INFO] 
[INFO] --- resources:3.3.1:resources (default-resources) @ workflow ---
[INFO] Copying 1 resource from src\main\resources to target\classes
[INFO] Copying 0 resource from src\main\resources to target\classes
[INFO] 
[INFO] --- compiler:3.11.0:compile (default-compile) @ workflow ---
[INFO] Nothing to compile - all classes are up to date
[INFO] 
[INFO] --- resources:3.3.1:testResources (default-testResources) @ workflow ---
[INFO] skip non existing resourceDirectory D:\FINAL PROJECT\backend\src\test\resources
[INFO] 
[INFO] --- compiler:3.11.0:testCompile (default-testCompile) @ workflow ---
[INFO] Nothing to compile - all classes are up to date
[INFO] 
[INFO] --- surefire:3.1.2:test (default-test) @ workflow ---
[INFO] Using auto detected provider org.apache.maven.surefire.junitplatform.JUnitPlatformProvider
[INFO] 
[INFO] -------------------------------------------------------
[INFO]  T E S T S
[INFO] -------------------------------------------------------
[INFO] Running com.example.workflow.service.RabbitMQProducerTest
09:49:59.830 [main] INFO com.example.workflow.service.RabbitMQProducer -- Publishing Generic Workflow Event to: workflow.event.approved
09:50:00.204 [main] INFO com.example.workflow.service.RabbitMQProducer -- Publishing USER_REGISTERED event for user: testuser
09:50:00.212 [main] INFO com.example.workflow.service.RabbitMQProducer -- Publishing WORKFLOW_EXECUTION event for execution ID: 12345
[INFO] Tests run: 3, Failures: 0, Errors: 0, Skipped: 0, Time elapsed: 2.808 s -- in com.example.workflow.service.RabbitMQProducerTest
[INFO] 
[INFO] Results:
[INFO] 
[INFO] Tests run: 3, Failures: 0, Errors: 0, Skipped: 0
[INFO] 
[INFO] ------------------------------------------------------------------------
[INFO] BUILD SUCCESS
[INFO] ------------------------------------------------------------------------
[INFO] Total time:  7.648 s
[INFO] Finished at: 2026-03-18T09:50:00+05:30
[INFO] ------------------------------------------------------------------------
